assets/tank/tank_base.xpm
assets/tank/tank_top.xpm
assets/ground/dirt.xpm
assets/walls/wall_0.xpm
assets/walls/h_wall_0.xpm
assets/bullets/bullets_small.xpm
assets/bullets/bullets_big.xpm
assets/ennemies/ennemy_walk_0.xpm
assets/ennemies/ennemy_walk_1.xpm
assets/ennemies/ennemy_shoot_0.xpm
assets/ennemies/ennemy_shoot_1.xpm
assets/ennemies/ennemy_run_0.xpm
assets/ennemies/ennemy_run_1.xpm
assets/ennemies/ennemy_wait_0.xpm
assets/ennemies/ennemy_wait_1.xpm
assets/stain/ennemy_dead.xpm
assets/bullets/shell_0.xpm
assets/bullets/shell_1.xpm
assets/bullets/shell_2.xpm
assets/ui/fuel.xpm
assets/particles/spark.xpm
assets/particles/blood.xpm
assets/particles/smoke_small.xpm
assets/stain/blood_splash_small.xpm
assets/stain/blood_splash_big.xpm
assets/stain/blood_splash_tank.xpm
assets/particles/star.xpm
assets/ui/SO_LONG.xpm
assets/ui/crate.xpm
assets/ui/tank_menu.xpm
assets/ui/tank_menu_1.xpm
assets/coins/coin.xpm
assets/coins/arrow.xpm
assets/exit/exit_plateform.xpm
assets/exit/exit_contour.xpm
assets/particles/wood.xpm
assets/stain/destroyed_crate.xpm
assets/stain/tank_trail.xpm
assets/stain/tank_trail_bloody.xpm
assets/particles/debris.xpm
assets/stain/explosion.xpm
assets/stain/tank_drop.xpm
assets/objects/barrel_0.xpm
assets/objects/barrel_1.xpm
assets/objects/barrel_2.xpm
assets/objects/crate_0.xpm
assets/stain/destroyed_barrel_0.xpm
assets/stain/destroyed_barrel_1.xpm
assets/stain/destroyed_barrel_2.xpm
assets/stain/destroyed_crate_0.xpm
assets/ui/tank_gauges_empty.xpm
assets/ui/tank_gauges_full.xpm
assets/particles/flame.xpm
assets/rambo/rambo_stand.xpm
assets/rambo/rambo_walk_0.xpm
assets/rambo/rambo_walk_1.xpm
assets/particles/gear.xpm
assets/stain/tank_scrap.xpm
assets/shader/bloody.xpm
assets/stain/rambo_dead.xpm
assets/shader/crack.xpm
assets/ui/rambo_health_empty.xpm
assets/ui/rambo_health_full.xpm
